[03:07:33]W: Step 1/2: Deploy to Nexus (master) (Maven) (15s)
[03:07:33]i:	 [Step 1/2] Build step condition "teamcity.build.branch equals master" is satisfied
[03:07:35]i:	 [Step 1/2] [INFO] BUILD SUCCESS
[03:07:35]i:	 [Step 1/2] [INFO] Total time:  0.430 s
[03:07:41] :	 [Step 1/2] [INFO] Tests run: 5, Failures: 0, Errors: 0, Skipped: 0, Time elapsed: 0.089 s -- in plaindoll.WelcomerTest
[03:07:42] :	 [Step 1/2] [INFO] Tests run: 5, Failures: 0, Errors: 0, Skipped: 0
[03:07:47] :	 [Step 1/2] [INFO] Installing /opt/buildagent/work/c8a6e55783a5619a/pom.xml to /opt/buildagent/system/jetbrains.maven.runner/maven.repo.local/org/netology/plaindoll/0.0.2/plaindoll-0.0.2.pom
[03:07:47] :	 [Step 1/2] [INFO] Installing /opt/buildagent/work/c8a6e55783a5619a/target/plaindoll-0.0.2.jar to /opt/buildagent/system/jetbrains.maven.runner/maven.repo.local/org/netology/plaindoll/0.0.2/plaindoll-0.0.2.jar
[03:07:47] :	 [Step 1/2] [INFO] Uploaded to nexus: http://46.21.244.135:8081/repository/maven-releases/org/netology/plaindoll/0.0.2/plaindoll-0.0.2.pom (1.5 kB at 4.7 kB/s)
[03:07:47] :	 [Step 1/2] [INFO] Uploaded to nexus: http://46.21.244.135:8081/repository/maven-releases/org/netology/plaindoll/0.0.2/plaindoll-0.0.2.jar (3.1 kB at 35 kB/s)
[03:07:47] :	 [Step 1/2] [INFO] Uploaded to nexus: http://46.21.244.135:8081/repository/maven-releases/org/netology/plaindoll/maven-metadata.xml (301 B at 2.9 kB/s)
[03:07:47] :	 [Step 1/2] [INFO] BUILD SUCCESS
[03:07:47] :	 [Step 1/2] [INFO] Total time:  9.967 s
[03:07:48] :	 [Step 1/2] Publishing artifacts
[03:07:48] :		 [Publishing artifacts] Collecting files to publish: [/opt/buildagent/temp/buildTmp/.tc-maven-bi/maven-build-info.xml.gz => .teamcity]
[03:07:48] :		 [Publishing artifacts] Publishing 1 file using [WebPublisher]: /opt/buildagent/temp/buildTmp/.tc-maven-bi/maven-build-info.xml.gz => .teamcity
[03:07:48] :		 [Publishing artifacts] Publishing 1 file using [ArtifactsCachePublisherImpl]: /opt/buildagent/temp/buildTmp/.tc-maven-bi/maven-build-info.xml.gz => .teamcity
[03:07:48]i:		 [Publishing artifacts] Will publish 1 artifact(s) to TeamCity node with id MAIN_SERVER
[03:07:48]W: Step 2/2: Test (feature branches) (Maven)
[03:07:48]W:	 [Step 2/2] Build step Test (feature branches) (Maven) is skipped because of unfulfilled condition: "teamcity.build.branch does not equal master"
[03:07:52] : Publishing artifacts
[03:07:52] :	 [Publishing artifacts] Collecting files to publish: [/opt/buildagent/system/perfmon/temp/3/perfmon.csv=>.teamcity/perfmon/, /opt/buildagent/temp/agentTmp/build_stages.txt=>.teamcity/perfmon/]
[03:07:52] :	 [Publishing artifacts] Publishing 2 files using [WebPublisher]: /opt/buildagent/system/perfmon/temp/3/perfmon.csv, /opt/buildagent/temp/agentTmp/build_stages.txt => .teamcity/perfmon
[03:07:52] :	 [Publishing artifacts] Publishing 2 files using [ArtifactsCachePublisherImpl]: /opt/buildagent/system/perfmon/temp/3/perfmon.csv, /opt/buildagent/temp/agentTmp/build_stages.txt => .teamcity/perfmon
[03:07:52]i:	 [Publishing artifacts] Will publish 2 artifact(s) to TeamCity node with id MAIN_SERVER
